[0m18:51:57.219946 [debug] [MainThread]: Sending event: {'category': 'dbt', 'action': 'invocation', 'label': 'start', 'context': [<snowplow_tracker.self_describing_json.SelfDescribingJson object at 0x000002B2B9A8D160>, <snowplow_tracker.self_describing_json.SelfDescribingJson object at 0x000002B2BC1A3ED0>, <snowplow_tracker.self_describing_json.SelfDescribingJson object at 0x000002B2BC1A39D0>]}


============================== 18:51:57.225361 | 5133ddd3-d33f-49eb-b2e4-a8cdf195afa4 ==============================
[0m18:51:57.225361 [info ] [MainThread]: Running with dbt=1.12.0
[0m18:51:57.226416 [debug] [MainThread]: running dbt with arguments {'version_check': 'True', 'no_print': 'None', 'static_parser': 'True', 'warn_error_options': 'WarnErrorOptionsV2(error=[], warn=[], silence=[])', 'target_path': 'None', 'maximum_seed_size_mib': '1', 'printer_width': '80', 'write_json': 'True', 'empty': 'None', 'log_cache_events': 'False', 'introspect': 'True', 'cache_selected_only': 'False', 'log_format': 'default', 'debug': 'False', 'fail_fast': 'False', 'partial_parse': 'True', 'send_anonymous_usage_stats': 'True', 'quiet': 'False', 'warn_error': 'None', 'profiles_dir': 'C:\\Users\\phikh\\.dbt', 'invocation_command': 'dbt init casino_games_models', 'hints_enabled': 'True', 'indirect_selection': 'eager', 'use_experimental_parser': 'False', 'use_colors': 'True', 'log_path': 'logs'}
[0m18:51:57.247470 [debug] [MainThread]: Starter project path: C:\Users\phikh\Desktop\Assessment - Durban\Game\dbt-env\Lib\site-packages\dbt\include\starter_project
[0m18:51:57.270025 [info ] [MainThread]: Setting up your profile.
[0m18:52:00.027169 [info ] [MainThread]: Running dbt debug to validate the project...
[0m18:52:00.028327 [info ] [MainThread]: dbt version: 1.12.0
[0m18:52:00.029005 [info ] [MainThread]: python version: 3.13.9
[0m18:52:00.029722 [info ] [MainThread]: python path: C:\Users\phikh\Desktop\Assessment - Durban\Game\dbt-env\Scripts\python.exe
[0m18:52:00.030418 [info ] [MainThread]: os info: Windows-11-10.0.26200-SP0
[0m18:52:00.101769 [info ] [MainThread]: Using profiles dir at C:\Users\phikh\.dbt
[0m18:52:00.102621 [info ] [MainThread]: Using profiles.yml file at C:\Users\phikh\.dbt\profiles.yml
[0m18:52:00.103296 [info ] [MainThread]: Using dbt_project.yml file at C:\Users\phikh\Desktop\Assessment - Durban\Game\casino_games_models\dbt_project.yml
[0m18:52:00.106118 [info ] [MainThread]: adapter type: duckdb
[0m18:52:00.106719 [info ] [MainThread]: adapter version: 1.10.1
[0m18:52:00.238503 [info ] [MainThread]: Configuration:
[0m18:52:00.239358 [info ] [MainThread]:   profiles.yml file [[32mOK found and valid[0m]
[0m18:52:00.240103 [info ] [MainThread]:   dbt_project.yml file [[32mOK found and valid[0m]
[0m18:52:00.240740 [info ] [MainThread]: Required dependencies:
[0m18:52:00.241342 [debug] [MainThread]: Executing "git --help"
[0m18:52:00.287652 [debug] [MainThread]: STDOUT: "b"usage: git [-v | --version] [-h | --help] [-C <path>] [-c <name>=<value>]\n           [--exec-path[=<path>]] [--html-path] [--man-path] [--info-path]\n           [-p | --paginate | -P | --no-pager] [--no-replace-objects] [--no-lazy-fetch]\n           [--no-optional-locks] [--no-advice] [--bare] [--git-dir=<path>]\n           [--work-tree=<path>] [--namespace=<name>] [--config-env=<name>=<envvar>]\n           <command> [<args>]\n\nThese are common Git commands used in various situations:\n\nstart a working area (see also: git help tutorial)\n   clone      Clone a repository into a new directory\n   init       Create an empty Git repository or reinitialize an existing one\n\nwork on the current change (see also: git help everyday)\n   add        Add file contents to the index\n   mv         Move or rename a file, a directory, or a symlink\n   restore    Restore working tree files\n   rm         Remove files from the working tree and from the index\n\nexamine the history and state (see also: git help revisions)\n   bisect     Use binary search to find the commit that introduced a bug\n   diff       Show changes between commits, commit and working tree, etc\n   grep       Print lines matching a pattern\n   log        Show commit logs\n   show       Show various types of objects\n   status     Show the working tree status\n\ngrow, mark and tweak your common history\n   backfill   Download missing objects in a partial clone\n   branch     List, create, or delete branches\n   commit     Record changes to the repository\n   history    EXPERIMENTAL: Rewrite history\n   merge      Join two or more development histories together\n   rebase     Reapply commits on top of another base tip\n   reset      Set `HEAD` or the index to a known state\n   switch     Switch branches\n   tag        Create, list, delete or verify tags\n\ncollaborate (see also: git help workflows)\n   fetch      Download objects and refs from another repository\n   pull       Fetch from and integrate with another repository or a local branch\n   push       Update remote refs along with associated objects\n\n'git help -a' and 'git help -g' list available subcommands and some\nconcept guides. See 'git help <command>' or 'git help <concept>'\nto read about a specific subcommand or concept.\nSee 'git help git' for an overview of the system.\n""
[0m18:52:00.288384 [debug] [MainThread]: STDERR: "b''"
[0m18:52:00.289031 [info ] [MainThread]:  - git [[32mOK found[0m]

[0m18:52:00.289867 [info ] [MainThread]: Connection:
[0m18:52:00.290433 [info ] [MainThread]:   database: dev
[0m18:52:00.290893 [info ] [MainThread]:   schema: main
[0m18:52:00.291308 [info ] [MainThread]:   path: dev.duckdb
[0m18:52:00.291708 [info ] [MainThread]:   config_options: None
[0m18:52:00.292088 [info ] [MainThread]:   extensions: None
[0m18:52:00.292521 [info ] [MainThread]:   settings: {}
[0m18:52:00.292892 [info ] [MainThread]:   external_root: .
[0m18:52:00.293295 [info ] [MainThread]:   use_credential_provider: None
[0m18:52:00.293716 [info ] [MainThread]:   attach: None
[0m18:52:00.294243 [info ] [MainThread]:   filesystems: None
[0m18:52:00.294860 [info ] [MainThread]:   remote: None
[0m18:52:00.295356 [info ] [MainThread]:   plugins: None
[0m18:52:00.295891 [info ] [MainThread]:   disable_transactions: False
[0m18:52:00.296720 [info ] [MainThread]: Registered adapter: duckdb=1.10.1
[0m18:52:00.497309 [debug] [MainThread]: Acquiring new duckdb connection 'debug'
[0m18:52:00.547844 [debug] [MainThread]: Using duckdb connection "debug"
[0m18:52:00.548248 [debug] [MainThread]: On debug: select 1 as id
[0m18:52:00.548530 [debug] [MainThread]: Opening a new connection, currently in state init
[0m18:52:00.572111 [debug] [MainThread]: SQL status: OK in 0.023 seconds
[0m18:52:00.573472 [debug] [MainThread]: On debug: Close
[0m18:52:00.573910 [info ] [MainThread]:   Connection test: [[32mOK connection ok[0m]

[0m18:52:00.574467 [info ] [MainThread]: [32mAll checks passed![0m
[0m18:52:00.575124 [info ] [MainThread]: Your new dbt project "casino_games_models" was created!
Initialized new project in C:\Users\phikh\Desktop\Assessment - Durban\Game\casino_games_models\casino_games_models

For more information on how to configure the profiles.yml file,
please consult the dbt documentation here:

  https://docs.getdbt.com/docs/configure-your-profile

One more thing:

Need help? Don't hesitate to reach out to us via GitHub issues or on Slack:

  https://community.getdbt.com/

Happy modeling!

[0m18:52:00.576470 [debug] [MainThread]: Command `dbt init` succeeded at 18:52:00.576324 after 3.65 seconds
[0m18:52:00.576811 [debug] [MainThread]: Connection 'debug' was properly closed.
[0m18:52:00.577157 [debug] [MainThread]: Sending event: {'category': 'dbt', 'action': 'invocation', 'label': 'end', 'context': [<snowplow_tracker.self_describing_json.SelfDescribingJson object at 0x000002B2BC4AA650>, <snowplow_tracker.self_describing_json.SelfDescribingJson object at 0x000002B2BC1F5370>, <snowplow_tracker.self_describing_json.SelfDescribingJson object at 0x000002B2BC4C8F30>]}
[0m18:52:00.577548 [debug] [MainThread]: Flushing usage events
[0m18:52:10.672487 [debug] [MainThread]: An error was encountered while trying to flush usage events
[0m19:04:32.675736 [debug] [MainThread]: Sending event: {'category': 'dbt', 'action': 'invocation', 'label': 'start', 'context': [<snowplow_tracker.self_describing_json.SelfDescribingJson object at 0x000002895C5BD160>, <snowplow_tracker.self_describing_json.SelfDescribingJson object at 0x000002895ED3BD90>, <snowplow_tracker.self_describing_json.SelfDescribingJson object at 0x000002895ED3B9D0>]}


============================== 19:04:32.684293 | 469f1506-c587-45b0-901c-a0de75de1664 ==============================
[0m19:04:32.684293 [info ] [MainThread]: Running with dbt=1.12.0
[0m19:04:32.685101 [debug] [MainThread]: running dbt with arguments {'version_check': 'True', 'no_print': 'None', 'maximum_seed_size_mib': '1', 'warn_error_options': 'WarnErrorOptionsV2(error=[], warn=[], silence=[])', 'static_parser': 'True', 'target_path': 'None', 'printer_width': '80', 'write_json': 'True', 'introspect': 'True', 'log_cache_events': 'False', 'empty': 'False', 'cache_selected_only': 'False', 'fail_fast': 'False', 'debug': 'False', 'log_format': 'default', 'profiles_dir': 'C:\\Users\\phikh\\.dbt', 'send_anonymous_usage_stats': 'True', 'quiet': 'False', 'warn_error': 'None', 'partial_parse': 'True', 'invocation_command': 'dbt run --select bronze', 'hints_enabled': 'True', 'use_colors': 'True', 'use_experimental_parser': 'False', 'indirect_selection': 'eager', 'log_path': 'logs'}
[0m19:04:32.685752 [error] [MainThread]: [[31mERROR[0m]: Encountered an error:
Runtime Error
  No dbt_project.yml found at expected path C:\Users\phikh\Desktop\Assessment - Durban\Game\dbt_project.yml
  Verify that each entry within packages.yml (and their transitive dependencies) contains a file named dbt_project.yml
  
[0m19:04:32.686724 [debug] [MainThread]: Command `dbt run` failed at 19:04:32.686572 after 0.28 seconds
[0m19:04:32.687112 [debug] [MainThread]: Sending event: {'category': 'dbt', 'action': 'invocation', 'label': 'end', 'context': [<snowplow_tracker.self_describing_json.SelfDescribingJson object at 0x000002895ED13E10>, <snowplow_tracker.self_describing_json.SelfDescribingJson object at 0x000002895ED81370>, <snowplow_tracker.self_describing_json.SelfDescribingJson object at 0x000002895EDDC5A0>]}
[0m19:04:32.687486 [debug] [MainThread]: Flushing usage events
[0m19:04:33.919698 [debug] [MainThread]: An error was encountered while trying to flush usage events
[0m21:18:52.283686 [debug] [MainThread]: Sending event: {'category': 'dbt', 'action': 'invocation', 'label': 'start', 'context': [<snowplow_tracker.self_describing_json.SelfDescribingJson object at 0x0000025DBA43D160>, <snowplow_tracker.self_describing_json.SelfDescribingJson object at 0x0000025DBCBBBD90>, <snowplow_tracker.self_describing_json.SelfDescribingJson object at 0x0000025DBCBBB9D0>]}


============================== 21:18:52.289845 | d38f58f8-9412-4182-9c22-3443802c9de7 ==============================
[0m21:18:52.289845 [info ] [MainThread]: Running with dbt=1.12.0
[0m21:18:52.290427 [debug] [MainThread]: running dbt with arguments {'maximum_seed_size_mib': '1', 'no_print': 'None', 'static_parser': 'True', 'warn_error_options': 'WarnErrorOptionsV2(error=[], warn=[], silence=[])', 'version_check': 'True', 'target_path': 'None', 'printer_width': '80', 'write_json': 'True', 'empty': 'False', 'log_cache_events': 'False', 'introspect': 'True', 'cache_selected_only': 'False', 'log_format': 'default', 'debug': 'False', 'fail_fast': 'False', 'partial_parse': 'True', 'send_anonymous_usage_stats': 'True', 'quiet': 'False', 'warn_error': 'None', 'profiles_dir': 'C:\\Users\\phikh\\.dbt', 'use_colors': 'True', 'hints_enabled': 'True', 'indirect_selection': 'eager', 'use_experimental_parser': 'False', 'invocation_command': 'dbt run', 'log_path': 'logs'}
[0m21:18:52.290818 [error] [MainThread]: [[31mERROR[0m]: Encountered an error:
Runtime Error
  No dbt_project.yml found at expected path C:\Users\phikh\Desktop\Assessment - Durban\Game\dbt_project.yml
  Verify that each entry within packages.yml (and their transitive dependencies) contains a file named dbt_project.yml
  
[0m21:18:52.291742 [debug] [MainThread]: Command `dbt run` failed at 21:18:52.291629 after 0.44 seconds
[0m21:18:52.292044 [debug] [MainThread]: Sending event: {'category': 'dbt', 'action': 'invocation', 'label': 'end', 'context': [<snowplow_tracker.self_describing_json.SelfDescribingJson object at 0x0000025DBCB93E10>, <snowplow_tracker.self_describing_json.SelfDescribingJson object at 0x0000025DBCC01370>, <snowplow_tracker.self_describing_json.SelfDescribingJson object at 0x0000025DBCC5C5A0>]}
[0m21:18:52.292321 [debug] [MainThread]: Flushing usage events
[0m21:18:53.294154 [debug] [MainThread]: An error was encountered while trying to flush usage events
{"data":{"log_version":3,"version":"=2.0.0-preview.200"},"info":{"category":"","code":"A001","extra":{},"invocation_id":"019fa393-f3a7-7500-93b2-6b225676d2d2","level":"info","msg":"Running with dbt-fusion=2.0.0-preview.200","name":"MainReportVersion","pid":22484,"thread":"tokio-rt-worker","ts":"2026-07-27T12:36:50.221404Z"}}
{"data":{"args":{"debug":"false","invocation_command":"C:\\Users\\phikh\\.local\\bin\\dbt.exe license info --json --log-format json","log_format":"json","quiet":"false","write_json":"true"}},"info":{"category":"","code":"A002","extra":{},"invocation_id":"019fa393-f3a7-7500-93b2-6b225676d2d2","level":"debug","msg":"running dbt-fusion with arguments {\"command\":\"license\",\"vars\":\"{}\",\"limit\":\"10\",\"debug\":false,\"log_format\":\"json\",\"quiet\":false,\"write_json\":true,\"write_catalog\":false,\"manage_state\":false}","name":"MainReportArgs","pid":22484,"thread":"tokio-rt-worker","ts":"2026-07-27T12:36:50.221430Z"}}
{"data":{},"info":{"category":"","code":"","extra":{},"invocation_id":"019fa393-f3a7-7500-93b2-6b225676d2d2","level":"debug","msg":"No platform credentials found, skipping remote license","name":"Generic","pid":22484,"thread":"tokio-rt-worker","ts":"2026-07-27T12:36:50.231828Z"}}
{"data":{},"info":{"category":"","code":"","extra":{},"invocation_id":"019fa393-f3a7-7500-93b2-6b225676d2d2","level":"debug","msg":"Requesting trial license from https://cloud.getdbt.com/api/private/trial-licenses/","name":"Generic","pid":22484,"thread":"main","ts":"2026-07-27T12:36:51.321858Z"}}
{"data":{},"info":{"category":"","code":"","extra":{},"invocation_id":"019fa393-f3a7-7500-93b2-6b225676d2d2","level":"debug","msg":"Trial license retrieved","name":"Generic","pid":22484,"thread":"main","ts":"2026-07-27T12:36:52.076947Z"}}
{"data":{},"info":{"category":"","code":"","extra":{},"invocation_id":"019fa393-f3a7-7500-93b2-6b225676d2d2","level":"debug","msg":"License loaded from trial license server","name":"Generic","pid":22484,"thread":"tokio-rt-worker","ts":"2026-07-27T12:36:52.550867Z"}}
{"data":{"columns":[],"is_inline":true,"node_name":"license_info","output_format":"json","preview":"{\n  \"status\": \"valid\",\n  \"licensing_enabled\": true,\n  \"features\": [\n    \"compare\",\n    \"strict-static-analysis\"\n  ],\n  \"issued_at\": \"2026-07-27T12:36:52+00:00\",\n  \"expires_at\": \"2026-08-06T16:53:56+00:00\",\n  \"license_type\": \"trial\",\n  \"machine_id\": \"a77c20cb15371a831e433df88655ba86455abb4972888c610db8dbfed92262d1\",\n  \"days_remaining\": 10,\n  \"trial_start_date\": \"2026-07-23T16:53:56+00:00\"\n}","unique_id":"license.info"},"info":{"category":"","code":"Q041","extra":{},"invocation_id":"019fa393-f3a7-7500-93b2-6b225676d2d2","level":"info","msg":"{\n  \"status\": \"valid\",\n  \"licensing_enabled\": true,\n  \"features\": [\n    \"compare\",\n    \"strict-static-analysis\"\n  ],\n  \"issued_at\": \"2026-07-27T12:36:52+00:00\",\n  \"expires_at\": \"2026-08-06T16:53:56+00:00\",\n  \"license_type\": \"trial\",\n  \"machine_id\": \"a77c20cb15371a831e433df88655ba86455abb4972888c610db8dbfed92262d1\",\n  \"days_remaining\": 10,\n  \"trial_start_date\": \"2026-07-23T16:53:56+00:00\"\n}","name":"ShowNode","pid":22484,"thread":"tokio-rt-worker","ts":"2026-07-27T12:36:52.987153Z"}}
{"data":{"completed_at":"2026-07-27T12:36:53.181738Z","elapsed":2.960925579071045,"success":true},"info":{"category":"","code":"Q039","extra":{},"invocation_id":"019fa393-f3a7-7500-93b2-6b225676d2d2","level":"info","msg":"\n==================== Execution Summary =====================\nFinished 'license' successfully [3.0s]","name":"CommandCompleted","pid":22484,"thread":"tokio-rt-worker","ts":"2026-07-27T12:36:53.185539Z"}}
